// Jest Snapshot v1, https://goo.gl/fbAQLP

exports[`Phrase has correct structure 1`] = `

<div class="phrase">
  <span class="joke">
    some joke
  </span>
  <hr>
</div>

`;
